#-----------------------------------------------------------
# Vivado v2014.4 (64-bit)
# SW Build 1071353 on Tue Nov 18 18:29:27 MST 2014
# IP Build 1070531 on Tue Nov 18 01:10:18 MST 2014
# Start of session at: Mon Feb 09 12:28:48 2015
# Process ID: 4928
# Log file: C:/Users/Administrator/Desktop/joystick_lz_final/vivado.log
# Journal file: C:/Users/Administrator/Desktop/joystick_lz_final\vivado.jou
#-----------------------------------------------------------
start_gui
open_project C:/Users/Administrator/Desktop/joystick_lz_final/joystick_lz.xpr
# Disabling source management mode.  This is to allow the top design properties to be set without GUI intervention.
set_property source_mgmt_mode None [current_project]
set_property top test_bentch_cnt [get_filesets sim_1]
set_property top_lib xil_defaultlib [get_filesets sim_1]
# Re-enabling previously disabled source management mode.
set_property source_mgmt_mode DisplayOnly [current_project]
launch_simulation
source test_bentch_cnt.tcl
close_sim
launch_simulation
source test_bentch_cnt.tcl
close_sim
launch_simulation
launch_simulation
source test_bentch_cnt.tcl
close_sim
launch_simulation
source test_bentch_cnt.tcl
close_sim
launch_simulation
source test_bentch_cnt.tcl
close_sim
launch_simulation
source test_bentch_cnt.tcl
close_sim
launch_simulation
source test_bentch_cnt.tcl
close_sim
launch_simulation
source test_bentch_cnt.tcl
close_sim
launch_simulation
source test_bentch_cnt.tcl
close_sim
launch_simulation
source test_bentch_cnt.tcl
close_sim
launch_simulation
source test_bentch_cnt.tcl
close_sim
launch_simulation
launch_simulation
launch_simulation
source test_bentch_cnt.tcl
close_sim
launch_simulation
source test_bentch_cnt.tcl
close_sim
launch_simulation
# Disabling source management mode.  This is to allow the top design properties to be set without GUI intervention.
set_property source_mgmt_mode None [current_project]
set_property top test_bentch_control [get_filesets sim_1]
set_property top_lib xil_defaultlib [get_filesets sim_1]
# Re-enabling previously disabled source management mode.
set_property source_mgmt_mode DisplayOnly [current_project]
launch_simulation
launch_simulation
launch_simulation
launch_simulation
launch_simulation
source test_bentch_control.tcl
close_sim
launch_simulation
source test_bentch_control.tcl
close_sim
launch_simulation
launch_simulation
launch_simulation
source test_bentch_control.tcl
close_sim
launch_simulation
launch_simulation
source test_bentch_control.tcl
close_sim
launch_simulation
launch_simulation
launch_simulation
source test_bentch_control.tcl
close_sim
launch_simulation
source test_bentch_control.tcl
close_sim
launch_simulation
launch_simulation
source test_bentch_control.tcl
close_sim
launch_simulation
source test_bentch_control.tcl
close_sim
launch_simulation
launch_simulation
launch_simulation
source test_bentch_control.tcl
close_sim
launch_simulation
launch_simulation
source test_bentch_control.tcl
close_sim
launch_simulation
source test_bentch_control.tcl
close_sim
launch_simulation
source test_bentch_control.tcl
close_sim
launch_simulation
launch_simulation
source test_bentch_control.tcl
close_sim
launch_simulation
launch_simulation
launch_simulation
launch_simulation
source test_bentch_control.tcl
close_sim
launch_simulation
source test_bentch_control.tcl
close_sim
launch_simulation
source test_bentch_control.tcl
close_sim
launch_simulation
source test_bentch_control.tcl
close_sim
launch_simulation
launch_simulation
source test_bentch_control.tcl
close_sim
launch_simulation
reset_run impl_1 -prev_step 
launch_runs impl_1 -to_step write_bitstream
wait_on_run impl_1
reset_run impl_1 -prev_step 
reset_run synth_1
launch_runs impl_1 -to_step write_bitstream
wait_on_run impl_1
reset_run synth_1
launch_runs impl_1 -to_step write_bitstream
wait_on_run impl_1
reset_run synth_1
reset_run synth_1
launch_runs impl_1 -to_step write_bitstream
wait_on_run impl_1
reset_run synth_1
reset_run synth_1
launch_runs impl_1 -to_step write_bitstream
wait_on_run impl_1
open_run impl_1
open_hw
connect_hw_server -url localhost:3121
current_hw_target [get_hw_targets */xilinx_tcf/Digilent/210274592702A]
set_property PARAM.FREQUENCY 15000000 [get_hw_targets */xilinx_tcf/Digilent/210274592702A]
open_hw_target
set_property PROGRAM.FILE {C:/Users/Administrator/Desktop/joystick_lz_final/joystick_lz.runs/impl_1/joystick.bit} [lindex [get_hw_devices] 0]
set_property PROBES.FILE {C:/Users/Administrator/Desktop/joystick_lz_final/joystick_lz.runs/impl_1/debug_nets.ltx} [lindex [get_hw_devices] 0]
current_hw_device [lindex [get_hw_devices] 0]
refresh_hw_device -update_hw_probes false [lindex [get_hw_devices] 0]
set_property PROBES.FILE {C:/Users/Administrator/Desktop/joystick_lz_final/joystick_lz.runs/impl_1/debug_nets.ltx} [lindex [get_hw_devices] 0]
set_property PROGRAM.FILE {C:/Users/Administrator/Desktop/joystick_lz_final/joystick_lz.runs/impl_1/joystick.bit} [lindex [get_hw_devices] 0]
program_hw_devices [lindex [get_hw_devices] 0]
refresh_hw_device [lindex [get_hw_devices] 0]
set_property PROBES.FILE {C:/Users/Administrator/Desktop/joystick_lz_final/joystick_lz.runs/impl_1/debug_nets.ltx} [lindex [get_hw_devices] 0]
set_property PROGRAM.FILE {C:/Users/Administrator/Desktop/joystick_lz_final/joystick_lz.runs/impl_1/joystick.bit} [lindex [get_hw_devices] 0]
program_hw_devices [lindex [get_hw_devices] 0]
refresh_hw_device [lindex [get_hw_devices] 0]
set_property PROBES.FILE {C:/Users/Administrator/Desktop/joystick_lz_final/joystick_lz.runs/impl_1/debug_nets.ltx} [lindex [get_hw_devices] 0]
set_property PROGRAM.FILE {C:/Users/Administrator/Desktop/joystick_lz_final/joystick_lz.runs/impl_1/joystick.bit} [lindex [get_hw_devices] 0]
program_hw_devices [lindex [get_hw_devices] 0]
refresh_hw_device [lindex [get_hw_devices] 0]
launch_simulation
launch_simulation
launch_simulation
source test_bentch_control.tcl
reset_run synth_1
launch_runs impl_1 -to_step write_bitstream
wait_on_run impl_1
close_sim
launch_simulation
source test_bentch_control.tcl
close_sim
launch_simulation
source test_bentch_control.tcl
reset_run synth_1
launch_runs impl_1 -to_step write_bitstream
wait_on_run impl_1
set_property PROBES.FILE {C:/Users/Administrator/Desktop/joystick_lz_final/joystick_lz.runs/impl_1/debug_nets.ltx} [lindex [get_hw_devices] 0]
set_property PROGRAM.FILE {C:/Users/Administrator/Desktop/joystick_lz_final/joystick_lz.runs/impl_1/joystick.bit} [lindex [get_hw_devices] 0]
program_hw_devices [lindex [get_hw_devices] 0]
refresh_hw_device [lindex [get_hw_devices] 0]
close_sim
